% Makespan : 1784
machine( 'm1', 3, [('t22',791),('t28',1254),('t38',0)])
machine( 'm2', 4, [('t3',0),('t11',688),('t32',1593),('t35',1165)])
machine( 'm3', 4, [('t15',1555),('t20',0),('t23',645),('t25',1194)])
machine( 'm4', 4, [('t5',683),('t6',0),('t19',1551),('t40',1188)])
machine( 'm5', 6, [('t2',473,['r3']),('t9',1505),('t26',1448,['r3']),('t30',1142,['r3']),('t33',0,['r1,r2,r3']),('t37',354,['r3,r2'])])
machine( 'm6', 3, [('t16',0),('t21',592,['r2']),('t29',1216,['r2'])])
machine( 'm7', 4, [('t1',0),('t8',1472),('t14',1215),('t24',568,['r1'])])
machine( 'm8', 4, [('t4',0),('t7',1595),('t13',709),('t27',1173)])
machine( 'm9', 4, [('t12',1541),('t31',682),('t34',0),('t36',1201)])
machine( 'm10', 4, [('t10',0),('t17',1192),('t18',651),('t39',1568)])
